// Jest Snapshot v1, https://goo.gl/fbAQLP

exports[`<UserList> should render component 1`] = `
<div>
  <h1>
    API Integration
  </h1>
  <p>
    Loading users...
  </p>
</div>
`;
